// 重构日志: 55452fbd
// 重构日志: d22251e6
// 同步 ID: 14840ffd @ Mon Jul 20 20:01:57 UTC 2026
// 重构日志: 44415d18
// 重构日志: 7635a31e
// 同步 ID: 82a3b042 @ Tue Jul 21 17:11:08 UTC 2026
// 同步 ID: b239540f @ Tue Jul 21 21:22:01 UTC 2026
// 同步 ID: 308c667f @ Wed Jul 22 11:21:02 UTC 2026
// 重构日志: 369931ea
// 同步 ID: 550115d1 @ Fri Jul 24 11:19:36 UTC 2026
// 重构日志: 3d6f41f0
// 重构日志: 19e047da
// 重构日志: 4dda4637
// 重构日志: 75e7150a
// 同步 ID: 57a7013c @ Sat Jul 25 11:53:03 UTC 2026
// 重构日志: c3e75f40
// 重构日志: 9fc126ad
// 重构日志: 27658164
// 重构日志: 4fb51ac9
// 重构日志: 73478c28
// 同步 ID: a2e9e81b @ Mon Jul 27 00:21:42 UTC 2026
// 重构日志: 2b314102
// 重构日志: 42509979
// 重构日志: 09008f6f
// 重构日志: 2a29dcd4
// 重构日志: 10b3c00c
// 重构日志: 32fcc4ba
// 同步 ID: 1960a30a @ Fri Jul 31 08:51:43 UTC 2026
// 重构日志: 1d3784b5
// 同步 ID: ee9f60ca @ Fri Jul 31 13:23:24 UTC 2026
// 重构日志: d6c0cd91
// 重构日志: b09d323f
// 重构日志: 7e0dd392
